<?xml version="1.0" encoding="UTF-8"?>
<interface>
  <requires lib="bobgui" version="4.0"/>
  <object class="BobguiWindow">
    <property name="child">
      <object class="BobguiImage">
        <property name="visible">0</property>
        <property name="file">test.svg</property>
      </object>
    </property>
  </object>
</interface>
