<?xml version="1.0" encoding="UTF-8"?>
<interface>
  <requires lib="bobgui" version="4.0"/>
  <object class="BobguiPaned">
    <property name="resize-end-child">0</property>
    <property name="shrink-start-child">0</property>
    <property name="start-child">
      <object class="BobguiButton" id="button"/>
    </property>
    <property name="end-child">
      <object class="BobguiLabel" id="label"/>
    </property>
  </object>
</interface>
