<?xml version="1.0" encoding="UTF-8"?>
<interface>
  <requires lib="bobgui" version="4.0"/>
  <object class="BobguiScale">
    <property name="draw-value">1</property>
    <property name="visible">0</property>
  </object>
  <object class="BobguiScale">
    <property name="visible">0</property>
    <property name="draw-value">1</property>
  </object>
  <object class="BobguiScale">
    <property name="visible">0</property>
  </object>
</interface>
