<?xml version="1.0" encoding="UTF-8"?>
<interface>
  <object class="BobguiPaned">
    <property name="start-child">
      <object class="BobguiLabel">
        <property name="label">start</property>
      </object>
    </property>
    <property name="end-child">
      <object class="BobguiLabel">
        <property name="label">end</property>
      </object>
    </property>
  </object>
</interface>
